[    0.000000] Linux version 4.15.0-212-generic (buildd@lcy02-amd64-083) (gcc version 7.5.0 (Ubuntu 7.5.0-3ubuntu1~18.04)) #223-Ubuntu SMP Tue May 23 13:09:22 UTC 2023 (Ubuntu 4.15.0-212.223-generic 4.15.18)
[    0.000000] Command line: BOOT_IMAGE=/boot/vmlinuz-4.15.0-212-generic root=LABEL=cloudimg-rootfs ro console=tty1 console=ttyS0
[    0.000000] KERNEL supported cpus:
[    0.000000]   Intel GenuineIntel
[    0.000000]   AMD AuthenticAMD
[    0.000000]   Centaur CentaurHauls
[    0.000000] x86/fpu: Supporting XSAVE feature 0x001: 'x87 floating point registers'
[    0.000000] x86/fpu: Supporting XSAVE feature 0x002: 'SSE registers'
[    0.000000] x86/fpu: Supporting XSAVE feature 0x004: 'AVX registers'
[    0.000000] x86/fpu: xstate_offset[2]:  576, xstate_sizes[2]:  256
[    0.000000] x86/fpu: Enabled xstate features 0x7, context size is 832 bytes, using 'standard' format.
[    0.000000] e820: BIOS-provided physical RAM map:
[    0.000000] BIOS-e820: [mem 0x0000000000000000-0x000000000009fbff] usable
[    0.000000] BIOS-e820: [mem 0x000000000009fc00-0x000000000009ffff] reserved
[    0.000000] BIOS-e820: [mem 0x00000000000f0000-0x00000000000fffff] reserved
[    0.000000] BIOS-e820: [mem 0x0000000000100000-0x00000000dffeffff] usable
[    0.000000] BIOS-e820: [mem 0x00000000dfff0000-0x00000000dfffffff] ACPI data
[    0.000000] BIOS-e820: [mem 0x00000000fec00000-0x00000000fec00fff] reserved
[    0.000000] BIOS-e820: [mem 0x00000000fee00000-0x00000000fee00fff] reserved
[    0.000000] BIOS-e820: [mem 0x00000000fffc0000-0x00000000ffffffff] reserved
[    0.000000] BIOS-e820: [mem 0x0000000100000000-0x000000011fffffff] usable
[    0.000000] NX (Execute Disable) protection: active
[    0.000000] SMBIOS 2.5 present.
[    0.000000] DMI: innotek GmbH VirtualBox/VirtualBox, BIOS VirtualBox 12/01/2006
[    0.000000] Hypervisor detected: KVM
[    0.000000] e820: last_pfn = 0x120000 max_arch_pfn = 0x400000000
[    0.000000] MTRR: Disabled
[    0.000000] x86/PAT: MTRRs disabled, skipping PAT initialization too.
[    0.000000] CPU MTRRs all blank - virtualized system.
[    0.000000] x86/PAT: Configuration [0-7]: WB  WT  UC- UC  WB  WT  UC- UC  
[    0.000000] e820: last_pfn = 0xdfff0 max_arch_pfn = 0x400000000
[    0.000000] found SMP MP-table at [mem 0x0009fff0-0x0009ffff]
[    0.000000] Scanning 1 areas for low memory corruption
[    0.000000] RAMDISK: [mem 0x359cb000-0x36cdcfff]
[    0.000000] ACPI: Early table checksum verification disabled
[    0.000000] ACPI: RSDP 0x00000000000E0000 000024 (v02 VBOX  )
[    0.000000] ACPI: XSDT 0x00000000DFFF0030 00003C (v01 VBOX   VBOXXSDT 00000001 ASL  00000061)
[    0.000000] ACPI: FACP 0x00000000DFFF00F0 0000F4 (v04 VBOX   VBOXFACP 00000001 ASL  00000061)
[    0.000000] ACPI: DSDT 0x00000000DFFF0480 002325 (v02 VBOX   VBOXBIOS 00000002 INTL 20200925)
[    0.000000] ACPI: FACS 0x00000000DFFF0200 000040
[    0.000000] ACPI: FACS 0x00000000DFFF0200 000040
[    0.000000] ACPI: APIC 0x00000000DFFF0240 00006C (v02 VBOX   VBOXAPIC 00000001 ASL  00000061)
[    0.000000] ACPI: SSDT 0x00000000DFFF02B0 0001CC (v01 VBOX   VBOXCPUT 00000002 INTL 20200925)
[    0.000000] ACPI: Reserving FACP table memory at [mem 0xdfff00f0-0xdfff01e3]
[    0.000000] ACPI: Reserving DSDT table memory at [mem 0xdfff0480-0xdfff27a4]
[    0.000000] ACPI: Reserving FACS table memory at [mem 0xdfff0200-0xdfff023f]
[    0.000000] ACPI: Reserving FACS table memory at [mem 0xdfff0200-0xdfff023f]
[    0.000000] ACPI: Reserving APIC table memory at [mem 0xdfff0240-0xdfff02ab]
[    0.000000] ACPI: Reserving SSDT table memory at [mem 0xdfff02b0-0xdfff047b]
[    0.000000] No NUMA configuration found
[    0.000000] Faking a node at [mem 0x0000000000000000-0x000000011fffffff]
[    0.000000] NODE_DATA(0) allocated [mem 0x11ffd1000-0x11fffbfff]
[    0.000000] kvm-clock: cpu 0, msr 1:1ff50001, primary cpu clock
[    0.000000] kvm-clock: Using msrs 4b564d01 and 4b564d00
[    0.000000] kvm-clock: using sched offset of 3068361420 cycles
[    0.000000] clocksource: kvm-clock: mask: 0xffffffffffffffff max_cycles: 0x1cd42e4dffb, max_idle_ns: 881590591483 ns
[    0.000000] Zone ranges:
[    0.000000]   DMA      [mem 0x0000000000001000-0x0000000000ffffff]
[    0.000000]   DMA32    [mem 0x0000000001000000-0x00000000ffffffff]
[    0.000000]   Normal   [mem 0x0000000100000000-0x000000011fffffff]
[    0.000000]   Device   empty
[    0.000000] Movable zone start for each node
[    0.000000] Early memory node ranges
[    0.000000]   node   0: [mem 0x0000000000001000-0x000000000009efff]
[    0.000000]   node   0: [mem 0x0000000000100000-0x00000000dffeffff]
[    0.000000]   node   0: [mem 0x0000000100000000-0x000000011fffffff]
[    0.000000] Reserved but unavailable: 104 pages
[    0.000000] Initmem setup node 0 [mem 0x0000000000001000-0x000000011fffffff]
[    0.000000] ACPI: PM-Timer IO Port: 0x4008
[    0.000000] IOAPIC[0]: apic_id 4, version 32, address 0xfec00000, GSI 0-23
[    0.000000] ACPI: INT_SRC_OVR (bus 0 bus_irq 0 global_irq 2 dfl dfl)
[    0.000000] ACPI: INT_SRC_OVR (bus 0 bus_irq 9 global_irq 9 low level)
[    0.000000] Using ACPI (MADT) for SMP configuration information
[    0.000000] smpboot: Allowing 4 CPUs, 0 hotplug CPUs
[    0.000000] PM: Registered nosave memory: [mem 0x00000000-0x00000fff]
[    0.000000] PM: Registered nosave memory: [mem 0x0009f000-0x0009ffff]
[    0.000000] PM: Registered nosave memory: [mem 0x000a0000-0x000effff]
[    0.000000] PM: Registered nosave memory: [mem 0x000f0000-0x000fffff]
[    0.000000] PM: Registered nosave memory: [mem 0xdfff0000-0xdfffffff]
[    0.000000] PM: Registered nosave memory: [mem 0xe0000000-0xfebfffff]
[    0.000000] PM: Registered nosave memory: [mem 0xfec00000-0xfec00fff]
[    0.000000] PM: Registered nosave memory: [mem 0xfec01000-0xfedfffff]
[    0.000000] PM: Registered nosave memory: [mem 0xfee00000-0xfee00fff]
[    0.000000] PM: Registered nosave memory: [mem 0xfee01000-0xfffbffff]
[    0.000000] PM: Registered nosave memory: [mem 0xfffc0000-0xffffffff]
[    0.000000] e820: [mem 0xe0000000-0xfebfffff] available for PCI devices
[    0.000000] Booting paravirtualized kernel on KVM
[    0.000000] clocksource: refined-jiffies: mask: 0xffffffff max_cycles: 0xffffffff, max_idle_ns: 7645519600211568 ns
[    0.000000] setup_percpu: NR_CPUS:8192 nr_cpumask_bits:4 nr_cpu_ids:4 nr_node_ids:1
[    0.000000] percpu: Embedded 50 pages/cpu s167936 r8192 d28672 u524288
[    0.000000] PV qspinlock hash table entries: 256 (order: 0, 4096 bytes)
[    0.000000] Built 1 zonelists, mobility grouping on.  Total pages: 1032057
[    0.000000] Policy zone: Normal
[    0.000000] Kernel command line: BOOT_IMAGE=/boot/vmlinuz-4.15.0-212-generic root=LABEL=cloudimg-rootfs ro console=tty1 console=ttyS0
[    0.000000] Memory: 4012852K/4193848K available (12300K kernel code, 2477K rwdata, 4324K rodata, 2480K init, 2720K bss, 180996K reserved, 0K cma-reserved)
[    0.000000] SLUB: HWalign=64, Order=0-3, MinObjects=0, CPUs=4, Nodes=1
[    0.000000] Kernel/User page tables isolation: enabled
[    0.000000] ftrace: allocating 39508 entries in 155 pages
[    0.004000] Hierarchical RCU implementation.
[    0.004000] 	RCU restricting CPUs from NR_CPUS=8192 to nr_cpu_ids=4.
[    0.004000] 	Tasks RCU enabled.
[    0.004000] RCU: Adjusting geometry for rcu_fanout_leaf=16, nr_cpu_ids=4
[    0.004000] NR_IRQS: 524544, nr_irqs: 456, preallocated irqs: 16
[    0.004000] random: crng init done
[    0.004000] Console: colour VGA+ 80x25
[    0.004000] console [tty1] enabled
[    0.004000] console [ttyS0] enabled
[    0.004000] ACPI: Core revision 20170831
[    0.004000] ACPI: 2 ACPI AML tables successfully acquired and loaded
[    0.004000] APIC: Switch to symmetric I/O mode setup
[    0.004000] x2apic enabled
[    0.004000] Switched APIC routing to physical x2apic.
[    0.004000] ..TIMER: vector=0x30 apic1=0 pin1=2 apic2=-1 pin2=-1
[    0.004000] tsc: Detected 2111.998 MHz processor
[    0.004019] Calibrating delay loop (skipped) preset value.. 4223.99 BogoMIPS (lpj=8447992)
[    0.005416] pid_max: default: 32768 minimum: 301
[    0.006315] Security Framework initialized
[    0.007076] Yama: becoming mindful.
[    0.008013] AppArmor: AppArmor initialized
[    0.009963] Dentry cache hash table entries: 524288 (order: 10, 4194304 bytes)
[    0.011575] Inode-cache hash table entries: 262144 (order: 9, 2097152 bytes)
[    0.012008] Mount-cache hash table entries: 8192 (order: 4, 65536 bytes)
[    0.013195] Mountpoint-cache hash table entries: 8192 (order: 4, 65536 bytes)
[    0.014406] Last level iTLB entries: 4KB 0, 2MB 0, 4MB 0
[    0.015005] Last level dTLB entries: 4KB 0, 2MB 0, 4MB 0, 1GB 0
[    0.016002] Spectre V1 : Mitigation: usercopy/swapgs barriers and __user pointer sanitization
[    0.017286] Spectre V2 : Mitigation: Retpolines
[    0.017977] Spectre V2 : Spectre v2 / SpectreRSB mitigation: Filling RSB on context switch
[    0.019399] Spectre V2 : Spectre v2 / SpectreRSB : Filling RSB on VMEXIT
[    0.020002] Speculative Store Bypass: Vulnerable
[    0.020684] MDS: Mitigation: Clear CPU buffers
[    0.021513] Freeing SMP alternatives memory: 36K
[    0.133213] smpboot: CPU0: 12th Gen Intel(R) Core(TM) i7-12700 (family: 0x6, model: 0x97, stepping: 0x2)
[    0.134673] Performance Events: unsupported p6 CPU model 151 no PMU driver, software events only.
[    0.136000] Hierarchical SRCU implementation.
[    0.136000] NMI watchdog: Perf event create on CPU 0 failed with -2
[    0.136002] NMI watchdog: Perf NMI watchdog permanently disabled
[    0.136917] smp: Bringing up secondary CPUs ...
[    0.138040] x86: Booting SMP configuration:
[    0.138787] .... node  #0, CPUs:      #1
[    0.004000] kvm-clock: cpu 1, msr 1:1ff50041, secondary cpu clock
[    0.143274]  #2
[    0.004000] kvm-clock: cpu 2, msr 1:1ff50081, secondary cpu clock
[    0.146871]  #3
[    0.004000] kvm-clock: cpu 3, msr 1:1ff500c1, secondary cpu clock
[    0.150048] smp: Brought up 1 node, 4 CPUs
[    0.150048] smpboot: Max logical packages: 1
[    0.150048] smpboot: Total of 4 processors activated (16895.98 BogoMIPS)
[    0.152132] devtmpfs: initialized
[    0.152666] x86/mm: Memory block size: 128MB
[    0.153627] evm: security.selinux
[    0.154446] evm: security.SMACK64
[    0.156001] evm: security.SMACK64EXEC
[    0.156726] evm: security.SMACK64TRANSMUTE
[    0.157147] evm: security.SMACK64MMAP
[    0.157753] evm: security.apparmor
[    0.158373] evm: security.ima
[    0.159178] evm: security.capability
[    0.160039] clocksource: jiffies: mask: 0xffffffff max_cycles: 0xffffffff, max_idle_ns: 7645041785100000 ns
[    0.161665] futex hash table entries: 1024 (order: 4, 65536 bytes)
[    0.162956] pinctrl core: initialized pinctrl subsystem
[    0.164058] RTC time: 15:59:16, date: 11/13/23
[    0.165041] NET: Registered protocol family 16
[    0.166019] audit: initializing netlink subsys (disabled)
[    0.167074] audit: type=2000 audit(1699891161.087:1): state=initialized audit_enabled=0 res=1
[    0.168012] cpuidle: using governor ladder
[    0.168660] cpuidle: using governor menu
[    0.169569] ACPI: bus type PCI registered
[    0.170461] acpiphp: ACPI Hot Plug PCI Controller Driver version: 0.5
[    0.172052] PCI: Using configuration type 1 for base access
[    0.173063] HugeTLB registered 2.00 MiB page size, pre-allocated 0 pages
[    0.176038] ACPI: Added _OSI(Module Device)
[    0.176798] ACPI: Added _OSI(Processor Device)
[    0.177728] ACPI: Added _OSI(3.0 _SCP Extensions)
[    0.180001] ACPI: Added _OSI(Processor Aggregator Device)
[    0.180827] ACPI: Added _OSI(Linux-Dell-Video)
[    0.181474] ACPI: Added _OSI(Linux-Lenovo-NV-HDMI-Audio)
[    0.182284] ACPI: Added _OSI(Linux-HPI-Hybrid-Graphics)
[    0.183322] ACPI: Executed 1 blocks of module-level executable AML code
[    0.185597] ACPI: Interpreter enabled
[    0.186581] ACPI: (supports S0 S5)
[    0.187325] ACPI: Using IOAPIC for interrupt routing
[    0.188110] PCI: Using host bridge windows from ACPI; if necessary, use "pci=nocrs" and report a bug
[    0.189741] ACPI: Enabled 2 GPEs in block 00 to 07
[    0.193537] ACPI: PCI Root Bridge [PCI0] (domain 0000 [bus 00-ff])
[    0.194947] acpi PNP0A03:00: _OSC: OS supports [ASPM ClockPM Segments MSI]
[    0.196226] acpi PNP0A03:00: _OSC: not requesting OS control; OS requires [ExtendedConfig ASPM ClockPM MSI]
[    0.197716] acpi PNP0A03:00: fail to add MMCONFIG information, can't access extended PCI configuration space under this bridge.
[    0.199810] PCI host bridge to bus 0000:00
[    0.200002] pci_bus 0000:00: root bus resource [io  0x0000-0x0cf7 window]
[    0.201425] pci_bus 0000:00: root bus resource [io  0x0d00-0xffff window]
[    0.202831] pci_bus 0000:00: root bus resource [mem 0x000a0000-0x000bffff window]
[    0.204001] pci_bus 0000:00: root bus resource [mem 0xe0000000-0xfdffffff window]
[    0.205502] pci_bus 0000:00: root bus resource [bus 00-ff]
[    0.208252] pci 0000:00:01.1: legacy IDE quirk: reg 0x10: [io  0x01f0-0x01f7]
[    0.209731] pci 0000:00:01.1: legacy IDE quirk: reg 0x14: [io  0x03f6]
[    0.210739] pci 0000:00:01.1: legacy IDE quirk: reg 0x18: [io  0x0170-0x0177]
[    0.212000] pci 0000:00:01.1: legacy IDE quirk: reg 0x1c: [io  0x0376]
[    0.238677] pci 0000:00:07.0: quirk: [io  0x4000-0x403f] claimed by PIIX4 ACPI
[    0.240008] pci 0000:00:07.0: quirk: [io  0x4100-0x410f] claimed by PIIX4 SMB
[    0.247101] ACPI: PCI Interrupt Link [LNKA] (IRQs 5 9 10 *11)
[    0.248144] ACPI: PCI Interrupt Link [LNKB] (IRQs 5 9 *10 11)
[    0.249461] ACPI: PCI Interrupt Link [LNKC] (IRQs 5 *9 10 11)
[    0.250502] ACPI: PCI Interrupt Link [LNKD] (IRQs 5 9 10 *11)
[    0.251722] SCSI subsystem initialized
[    0.252075] pci 0000:00:02.0: vgaarb: setting as boot VGA device
[    0.252921] pci 0000:00:02.0: vgaarb: VGA device added: decodes=io+mem,owns=io+mem,locks=none
[    0.254443] pci 0000:00:02.0: vgaarb: bridge control possible
[    0.256008] vgaarb: loaded
[    0.256575] ACPI: bus type USB registered
[    0.257443] usbcore: registered new interface driver usbfs
[    0.258448] usbcore: registered new interface driver hub
[    0.259270] usbcore: registered new device driver usb
[    0.260032] EDAC MC: Ver: 3.0.0
[    0.260576] PCI: Using ACPI for IRQ routing
[    0.260954] NetLabel: Initializing
[    0.261717] NetLabel:  domain hash size = 128
[    0.262316] NetLabel:  protocols = UNLABELED CIPSOv4 CALIPSO
[    0.264017] NetLabel:  unlabeled traffic allowed by default
[    0.264901] clocksource: Switched to clocksource kvm-clock
[    0.271547] VFS: Disk quotas dquot_6.6.0
[    0.272548] VFS: Dquot-cache hash table entries: 512 (order 0, 4096 bytes)
[    0.274201] AppArmor: AppArmor Filesystem Enabled
[    0.275422] pnp: PnP ACPI init
[    0.276604] pnp: PnP ACPI: found 3 devices
[    0.283703] clocksource: acpi_pm: mask: 0xffffff max_cycles: 0xffffff, max_idle_ns: 2085701024 ns
[    0.285542] NET: Registered protocol family 2
[    0.286409] IP idents hash table entries: 65536 (order: 7, 524288 bytes)
[    0.287825] TCP established hash table entries: 32768 (order: 6, 262144 bytes)
[    0.289936] TCP bind hash table entries: 32768 (order: 7, 524288 bytes)
[    0.291028] TCP: Hash tables configured (established 32768 bind 32768)
[    0.292294] UDP hash table entries: 2048 (order: 4, 65536 bytes)
[    0.293740] UDP-Lite hash table entries: 2048 (order: 4, 65536 bytes)
[    0.294845] NET: Registered protocol family 1
[    0.295603] pci 0000:00:00.0: Limiting direct PCI/PCI transfers
[    0.296836] pci 0000:00:01.0: Activating ISA DMA hang workarounds
[    0.297822] pci 0000:00:02.0: Video device with shadowed ROM at [mem 0x000c0000-0x000dffff]
[    0.299395] Unpacking initramfs...
[    0.486823] Freeing initrd memory: 19528K
[    0.488111] PCI-DMA: Using software bounce buffering for IO (SWIOTLB)
[    0.489605] software IO TLB: mapped [mem 0xdbff0000-0xdfff0000] (64MB)
[    0.490627] clocksource: tsc: mask: 0xffffffffffffffff max_cycles: 0x1e71768ef8b, max_idle_ns: 440795218977 ns
[    0.492478] platform rtc_cmos: registered platform RTC device (no PNP device found)
[    0.493946] Scanning for low memory corruption every 60 seconds
[    0.495841] Initialise system trusted keyrings
[    0.496333] Key type blacklist registered
[    0.497065] workingset: timestamp_bits=36 max_order=20 bucket_order=0
[    0.498863] zbud: loaded
[    0.499852] squashfs: version 4.0 (2009/01/31) Phillip Lougher
[    0.501026] fuse init (API version 7.26)
[    0.503990] Key type asymmetric registered
[    0.504848] Asymmetric key parser 'x509' registered
[    0.505684] Block layer SCSI generic (bsg) driver version 0.4 loaded (major 246)
[    0.507004] io scheduler noop registered
[    0.507690] io scheduler deadline registered
[    0.508487] io scheduler cfq registered (default)
[    0.509704] ACPI: AC Adapter [AC] (on-line)
[    0.510349] input: Power Button as /devices/LNXSYSTM:00/LNXPWRBN:00/input/input0
[    0.511881] ACPI: Power Button [PWRF]
[    0.512475] input: Sleep Button as /devices/LNXSYSTM:00/LNXSLPBN:00/input/input1
[    0.513883] ACPI: Sleep Button [SLPF]
[    0.514894] Serial: 8250/16550 driver, 32 ports, IRQ sharing enabled
[    0.536398] 00:02: ttyS0 at I/O 0x3f8 (irq = 4, base_baud = 115200) is a 16550A
[    0.538674] Linux agpgart interface v0.103
[    0.540595] loop: module loaded
[    0.542069] scsi host0: ata_piix
[    0.542906] scsi host1: ata_piix
[    0.543558] ata1: PATA max UDMA/33 cmd 0x1f0 ctl 0x3f6 bmdma 0xd000 irq 14
[    0.544911] ata2: PATA max UDMA/33 cmd 0x170 ctl 0x376 bmdma 0xd008 irq 15
[    0.546071] tun: Universal TUN/TAP device driver, 1.6
[    0.546849] PPP generic driver version 2.4.2
[    0.547510] ehci_hcd: USB 2.0 'Enhanced' Host Controller (EHCI) Driver
[    0.548981] ehci-pci: EHCI PCI platform driver
[    0.549773] ehci-platform: EHCI generic platform driver
[    0.550599] ohci_hcd: USB 1.1 'Open' Host Controller (OHCI) Driver
[    0.551363] ohci-pci: OHCI PCI platform driver
[    0.551974] ohci-platform: OHCI generic platform driver
[    0.552737] uhci_hcd: USB Universal Host Controller Interface driver
[    0.553702] i8042: PNP: PS/2 Controller [PNP0303:PS2K,PNP0f03:PS2M] at 0x60,0x64 irq 1,12
[    0.555557] serio: i8042 KBD port at 0x60,0x64 irq 1
[    0.556213] serio: i8042 AUX port at 0x60,0x64 irq 12
[    0.557223] mousedev: PS/2 mouse device common for all mice
[    0.558593] input: AT Translated Set 2 keyboard as /devices/platform/i8042/serio0/input/input2
[    0.559788] rtc_cmos rtc_cmos: rtc core: registered rtc_cmos as rtc0
[    0.561241] rtc_cmos rtc_cmos: alarms up to one day, 114 bytes nvram
[    0.562255] i2c /dev entries driver
[    0.562854] device-mapper: uevent: version 1.0.3
[    0.563694] device-mapper: ioctl: 4.37.0-ioctl (2017-09-20) initialised: dm-devel@redhat.com
[    0.565707] ledtrig-cpu: registered to indicate activity on CPUs
[    0.566515] NET: Registered protocol family 10
[    0.569845] Segment Routing with IPv6
[    0.570618] NET: Registered protocol family 17
[    0.571127] Key type dns_resolver registered
[    0.572161] mce: Using 0 MCE banks
[    0.572686] RAS: Correctable Errors collector initialized.
[    0.573552] sched_clock: Marking stable (572148887, 0)->(764081485, -191932598)
[    0.575297] registered taskstats version 1
[    0.576194] Loading compiled-in X.509 certificates
[    0.578712] Loaded X.509 cert 'Build time autogenerated kernel key: b5b26778eaa3ab3a4a6cee031137706e947d12ad'
[    0.580746] Loaded X.509 cert 'Canonical Ltd. Live Patch Signing: 14df34d1a87cf37625abec039ef2bf521249b969'
[    0.582748] Loaded X.509 cert 'Canonical Ltd. Kernel Module Signing: 88f752e560a1e0737e31163a466ad7b70a850c19'
[    0.584242] blacklist: Loading compiled-in revocation X.509 certificates
[    0.585559] Loaded X.509 cert 'Canonical Ltd. Secure Boot Signing: 61482aa2830d0ab2ad5af10b7250da9033ddcef0'
[    0.587193] Loaded X.509 cert 'Canonical Ltd. Secure Boot Signing (2017): 242ade75ac4a15e50d50c84b0d45ff3eae707a03'
[    0.589023] Loaded X.509 cert 'Canonical Ltd. Secure Boot Signing (ESM 2018): 365188c1d374d6b07c3c8f240f8ef722433d6a8b'
[    0.590491] Loaded X.509 cert 'Canonical Ltd. Secure Boot Signing (2019): c0746fd6c5da3ae827864651ad66ae47fe24b3e8'
[    0.592171] Loaded X.509 cert 'Canonical Ltd. Secure Boot Signing (2021 v1): a8d54bbb3825cfb94fa13c9f8a594a195c107b8d'
[    0.593828] Loaded X.509 cert 'Canonical Ltd. Secure Boot Signing (2021 v2): 4cf046892d6fd3c9a5b03f98d845f90851dc6a8c'
[    0.595340] Loaded X.509 cert 'Canonical Ltd. Secure Boot Signing (2021 v3): 100437bb6de6e469b581e61cd66bce3ef4ed53af'
[    0.596859] Loaded X.509 cert 'Canonical Ltd. Secure Boot Signing (Ubuntu Core 2019): c1d57b8f6b743f23ee41f4f7ee292f06eecadfb9'
[    0.598738] zswap: loaded using pool lzo/zbud
[    0.602701] Key type big_key registered
[    0.604093] Key type trusted registered
[    0.607514] Key type encrypted registered
[    0.608373] AppArmor: AppArmor sha1 policy hashing enabled
[    0.609279] ima: No TPM chip found, activating TPM-bypass! (rc=-19)
[    0.610230] ima: Allocated hash algorithm: sha1
[    0.610871] evm: HMAC attrs: 0x1
[    0.611586]   Magic number: 15:42:993
[    0.612441] rtc_cmos rtc_cmos: setting system clock to 2023-11-13 15:59:16 UTC (1699891156)
[    0.613928] BIOS EDD facility v0.16 2004-Jun-25, 0 devices found
[    0.614599] EDD information not available.
[    0.729958] Freeing unused kernel image memory: 2480K
[    1.735197] Write protecting the kernel read-only data: 20480k
[    1.745182] Freeing unused kernel image memory: 2008K
[    1.749854] Freeing unused kernel image memory: 1820K
[    1.757842] x86/mm: Checked W+X mappings: passed, no W+X pages found.
[    1.759313] x86/mm: Checking user space page tables
[    1.763207] x86/mm: Checked W+X mappings: passed, no W+X pages found.
Loading, please wait...
starting version 237
[    1.809855] e1000: Intel(R) PRO/1000 Network Driver - version 7.3.21-k8-NAPI
[    1.811173] e1000: Copyright (c) 1999-2006 Intel Corporation.
[    1.813032] Fusion MPT base driver 3.04.20
[    1.813535] Copyright (c) 1999-2008 LSI Corporation
[    1.819777] Fusion MPT SPI Host driver 3.04.20
[    1.819788] AVX2 version of gcm_enc/dec engaged.
[    1.823850] AES CTR mode by8 optimization enabled
[    2.029437] input: ImExPS/2 Generic Explorer Mouse as /devices/platform/i8042/serio1/input/input4
[    2.544998] e1000 0000:00:03.0 eth0: (PCI:33MHz:32-bit) 02:3b:7b:b7:3b:2d
[    2.546959] e1000 0000:00:03.0 eth0: Intel(R) PRO/1000 Network Connection
[    2.549412] e1000 0000:00:03.0 enp0s3: renamed from eth0
[    2.549567] mptbase: ioc0: Initiating bringup
[    2.648397] ioc0: LSI53C1030 A0: Capabilities={Initiator}
[    2.892500] scsi host2: ioc0: LSI53C1030 A0, FwRev=00000000h, Ports=1, MaxQ=256, IRQ=20
[    3.065557] scsi 2:0:0:0: Direct-Access     VBOX     HARDDISK         1.0  PQ: 0 ANSI: 5
[    3.686058] scsi target2:0:0: Beginning Domain Validation
[    3.695540] scsi target2:0:0: Domain Validation skipping write tests
[    3.700408] scsi target2:0:0: Ending Domain Validation
[    3.703715] scsi target2:0:0: asynchronous
[    3.706091] scsi 2:0:1:0: Direct-Access     VBOX     HARDDISK         1.0  PQ: 0 ANSI: 5
[    3.832906] scsi target2:0:1: Beginning Domain Validation
[    3.840381] scsi target2:0:1: Domain Validation skipping write tests
[    3.844804] scsi target2:0:1: Ending Domain Validation
[    3.848738] scsi target2:0:1: asynchronous
[    3.857603] sd 2:0:0:0: Attached scsi generic sg0 type 0
[    3.857776] sd 2:0:0:0: [sda] 83886080 512-byte logical blocks: (42.9 GB/40.0 GiB)
[    3.859847] sd 2:0:1:0: Attached scsi generic sg1 type 0
[    3.863047] sd 2:0:0:0: [sda] Write Protect is off
[    3.865018] sd 2:0:1:0: [sdb] 20480 512-byte logical blocks: (10.5 MB/10.0 MiB)
[    3.865034] sd 2:0:0:0: [sda] Incomplete mode parameter data
[    3.867607] sd 2:0:0:0: [sda] Assuming drive cache: write through
[    3.867642] sd 2:0:1:0: [sdb] Write Protect is off
[    3.870617] sd 2:0:1:0: [sdb] Incomplete mode parameter data
[    3.872555]  sda: sda1
[    3.872991] sd 2:0:1:0: [sdb] Assuming drive cache: write through
[    3.876568] sd 2:0:0:0: [sda] Attached SCSI disk
[    3.879550] sd 2:0:1:0: [sdb] Attached SCSI disk
Begin: Loading essential drivers ... [    5.212073] raid6: sse2x1   gen() 23431 MB/s
[    5.260078] raid6: sse2x1   xor() 15090 MB/s
[    5.308209] raid6: sse2x2   gen() 28897 MB/s
[    5.356198] raid6: sse2x2   xor() 17585 MB/s
[    5.404066] raid6: sse2x4   gen() 30728 MB/s
[    5.452152] raid6: sse2x4   xor() 14048 MB/s
[    5.500162] raid6: avx2x1   gen() 35832 MB/s
[    5.548150] raid6: avx2x1   xor() 29180 MB/s
[    5.596151] raid6: avx2x2   gen() 42837 MB/s
[    5.647713] raid6: avx2x2   xor() 33633 MB/s
[    5.696057] raid6: avx2x4   gen() 37985 MB/s
[    5.744089] raid6: avx2x4   xor() 15021 MB/s
[    5.745246] raid6: using algorithm avx2x2 gen() 42837 MB/s
[    5.746324] raid6: .... xor() 33633 MB/s, rmw enabled
[    5.747436] raid6: using avx2x2 recovery algorithm
[    5.749124] xor: automatically using best checksumming function   avx       
[    5.751057] async_tx: api initialized (async)
done.
Begin: Running /scripts/init-premount ... done.
Begin: Mounting root file system ... Begin: Running /scripts/local-top ... done.
Begin: Running /scripts/local-premount ... [    5.775864] Btrfs loaded, crc32c=crc32c-intel
Scanning for Btrfs filesystems
done.
Warning: fsck not present, so skipping root file system
[    5.797727] EXT4-fs (sda1): mounted filesystem with ordered data mode. Opts: (null)
done.
Begin: Running /scripts/local-bottom ... done.
Begin: Running /scripts/init-bottom ... done.
[    6.009697] ip_tables: (C) 2000-2006 Netfilter Core Team
[    6.016850] systemd[1]: systemd 237 running in system mode. (+PAM +AUDIT +SELINUX +IMA +APPARMOR +SMACK +SYSVINIT +UTMP +LIBCRYPTSETUP +GCRYPT +GNUTLS +ACL +XZ +LZ4 +SECCOMP +BLKID +ELFUTILS +KMOD -IDN2 +IDN -PCRE2 default-hierarchy=hybrid)
[    6.023360] systemd[1]: Detected virtualization oracle.
[    6.025424] systemd[1]: Detected architecture x86-64.

Welcome to [1mUbuntu 18.04.6 LTS[0m!

[    6.527524] systemd[1]: Set hostname to <ubuntu>.
[    6.536430] systemd[1]: Initializing machine ID from random generator.
[    6.541955] systemd[1]: Installed transient /etc/machine-id file.
[    6.760309] systemd[1]: Reached target User and Group Name Lookups.
[[0;32m  OK  [0m] Reached target User and Group Name Lookups.
[    6.761851] systemd[1]: Reached target System Time Synchronized.
[[0;32m  OK  [0m] Reached target System Time Synchronized.
[    6.763330] systemd[1]: Started Forward Password Requests to Wall Directory Watch.
[[0;32m  OK  [0m] Started Forward Password Requests to Wall Directory Watch.
[    6.766786] systemd[1]: Created slice System Slice.
[[0;32m  OK  [0m] Created slice System Slice.
[[0;32m  OK  [0m] Listening on LVM2 poll daemon socket.
[[0;32m  OK  [0m] Listening on LVM2 metadata daemon socket.
[[0;32m  OK  [0m] Listening on Journal Socket (/dev/log).
[[0;32m  OK  [0m] Listening on Journal Socket.
         Starting Create list of required stâ€¦ce nodes for the current kernel...
         Starting Load Kernel Modules...
         Starting Set the console keyboard layout...
         Mounting POSIX Message Queue File System...
[[0;32m  OK  [0m] Listening on fsck to fsckd communication Socket.
[[0;32m  OK  [0m] Listening on udev Kernel Socket.
[[0;32m  OK  [0m] Listening on Network Service Netlink Socket.
         Starting Uncomplicated firewall...
         Starting File System Check on Root Device...
[[0;32m  OK  [0m] Listening on udev Control Socket.
         Starting udev Coldplug all Devices...
         Mounting Huge Pages File System...
[[0;32m  OK  [0m] Listening on Journal Audit Socket.
         Mounting Kernel Debug File System...
[[0;32m  OK  [0m] Listening on Syslog Socket.
[[0;32m  OK  [0m] Listening on /dev/initctl Compatibility Named Pipe.
[    6.785987] Loading iSCSI transport class v2.0-870.
[    6.789719] iscsi: registered transport (tcp)
[[0;32m  OK  [0m] Reached target Swap.
[[0;32m  OK  [0m] Listening on Device-mapper event daemon FIFOs.
         Starting Monitoring of LVM2 mirrorsâ€¦ng dmeventd or progress polling...
[[0;32m  OK  [0m] Created slice User and Session Slice.
[[0;32m  OK  [0m] Reached target Slices.
[[0;32m  OK  [0m] Created slice system-serial\x2dgetty.slice.
[[0;32m  OK  [0m] Reached target Mounting snaps.
[[0;32m  OK  [[    6.801457] iscsi: registered transport (iser)
0m] Reached target Mounted snaps.
         Starting Journal Service...
[[0;32m  OK  [0m] Set up automount Arbitrary Executabâ€¦rmats File System Automount Point.
[[0;32m  OK  [0m] Started Create list of required staâ€¦vice nodes for the current kernel.
[[0;32m  OK  [0m] Started Load Kernel Modules.
[[0;32m  OK  [0m] Mounted POSIX Message Queue File System.
[[0;32m  OK  [0m] Started Uncomplicated firewall.
[[0;32m  OK  [0m] Started File System Check on Root Device.
[[0;32m  OK  [0m] Started Journal Service.
[[0;32m  OK  [0m] Mounted Huge Pages File System.
[[0;32m  OK  [0m] Mounted Kernel Debug File System.
[[0;32m  OK  [0m] Started File System Check Daemon to report status.
[[0;32m  OK  [0m] Started LVM2 metadata daemon.
         Starting Remount Root and Kernel File Systems...
         Mounting Kernel Configuration File System...
         Starting Apply Kernel Variables...
         Mounting FUSE Control File System...
         Starting Create Static Device Nodes in /dev...
[[0;32m  OK  [0m] Started udev Coldplug all Devices.
[[0;32m  OK  [0m] Mounted Kernel Configuration File System.
[[0;32m  OK  [0m] Mounted FUSE Control File System.
[[0;32m  OK  [0m] Started Create Static Device Nodes in /dev.
[[0;32m  OK  [0m] Started Remount Root and Kernel File Systems.
[[0;32m  OK  [0m] Started Monitoring of LVM2 mirrors,â€¦sing dmeventd or progress polling.
[[0;32m  OK  [0m] Started Apply Kernel Variables.
         Starting Flush Journal to Persistent Storage...
         Starting Load/Save Random Seed...
         Starting udev Kernel Device Manager...
[[0;32m  OK  [0m] Started Load/Save Random Seed.
[[0;32m  OK  [0m] Started udev Kernel Device Manager.
[[0;32m  OK  [0m] Started Flush Journal to Persistent Storage.
[[0;32m  OK  [0m] Found device /dev/ttyS0.
[[0;32m  OK  [0m] Listening on Load/Save RF Kill Switch Status /dev/rfkill Watch.
         Mounting Arbitrary Executable File Formats File System...
[[0;32m  OK  [0m] Mounted Arbitrary Executable File Formats File System.
[[0;32m  OK  [0m] Started Set the console keyboard layout.
[[0;32m  OK  [0m] Reached target Local File Systems (Pre).
[[0;32m  OK  [0m] Reached target Local File Systems.
         Starting Create Volatile Files and Directories...
         Starting Set console font and keymap...
         Starting Tell Plymouth To Write Out Runtime Data...
         Starting ebtables ruleset management...
         Starting AppArmor initialization...
         Starting Commit a transient machine-id on disk...
[[0;32m  OK  [0m] Started Dispatch Password Requests to Console Directory Watch.
[[0;32m  OK  [0m] Reached target Local Encrypted Volumes.
[[0;32m  OK  [0m] Started Tell Plymouth To Write Out Runtime Data.
[[0;32m  OK  [0m] Started Create Volatile Files and Directories.
         Starting Update UTMP about System Boot/Shutdown...
[[0;32m  OK  [0m] Started Update UTMP about System Boot/Shutdown.
[[0;32m  OK  [0m] Started ebtables ruleset management.
[[0;32m  OK  [0m] Started Commit a transient machine-id on disk.
[[0;32m  OK  [0m] Started AppArmor initialization.
         Starting Initial cloud-init job (pre-networking)...
         Starting Load AppArmor profiles managed internally by snapd...
[[0;32m  OK  [0m] Started Load AppArmor profiles managed internally by snapd.
[    8.778156] cloud-init[733]: Cloud-init v. 23.1.2-0ubuntu0~18.04.1 running 'init-local' at Mon, 13 Nov 2023 15:59:24 +0000. Up 8.60 seconds.
[[0;32m  OK  [0m] Started Initial cloud-init job (pre-networking).
[[0;32m  OK  [0m] Reached target Network (Pre).
         Starting Network Service...
[[0;32m  OK  [0m] Started Set console font and keymap.
[[0;32m  OK  [0m] Started Network Service.
         Starting Network Name Resolution...
         Starting Wait for Network to be Configured...
[[0;32m  OK  [0m] Started Network Name Resolution.
[[0;32m  OK  [0m] Reached target Network.
[[0;32m  OK  [0m] Reached target Host and Network Name Lookups.
[[0;32m  OK  [0m] Started Wait for Network to be Configured.
         Starting Initial cloud-init job (metadata service crawler)...
[   11.268664] cloud-init[1054]: Cloud-init v. 23.1.2-0ubuntu0~18.04.1 running 'init' at Mon, 13 Nov 2023 15:59:27 +0000. Up 11.20 seconds.
[   11.270080] cloud-init[1054]: ci-info: ++++++++++++++++++++++++++++++++++++++Net device info++++++++++++++++++++++++++++++++++++++
[   11.284232] cloud-init[1054]: ci-info: +--------+------+----------------------------+---------------+--------+-------------------+
[   11.285902] cloud-init[1054]: ci-info: | Device |  Up  |          Address           |      Mask     | Scope  |     Hw-Address    |
[   11.287532] cloud-init[1054]: ci-info: +--------+------+----------------------------+---------------+--------+-------------------+
[   11.300224] cloud-init[1054]: ci-info: | enp0s3 | True |         10.0.2.15          | 255.255.255.0 | global | 02:3b:7b:b7:3b:2d |
[   11.301859] cloud-init[1054]: ci-info: | enp0s3 | True | fe80::3b:7bff:feb7:3b2d/64 |       .       |  link  | 02:3b:7b:b7:3b:2d |
[   11.303458] cloud-init[1054]: ci-info: |   lo   | True |         127.0.0.1          |   255.0.0.0   |  host  |         .         |
[   11.305003] cloud-init[1054]: ci-info: |   lo   | True |          ::1/128           |       .       |  host  |         .         |
[   11.306683] cloud-init[1054]: ci-info: +--------+------+----------------------------+---------------+--------+-------------------+
[   11.309065] cloud-init[1054]: ci-info: ++++++++++++++++++++++++++++Route IPv4 info+++++++++++++++++++++++++++++
[   11.311057] cloud-init[1054]: ci-info: +-------+-------------+----------+-----------------+-----------+-------+
[   11.313122] cloud-init[1054]: ci-info: | Route | Destination | Gateway  |     Genmask     | Interface | Flags |
[   11.315114] cloud-init[1054]: ci-info: +-------+-------------+----------+-----------------+-----------+-------+
[   11.316732] cloud-init[1054]: ci-info: |   0   |   0.0.0.0   | 10.0.2.2 |     0.0.0.0     |   enp0s3  |   UG  |
[   11.318550] cloud-init[1054]: ci-info: |   1   |   10.0.2.0  | 0.0.0.0  |  255.255.255.0  |   enp0s3  |   U   |
[   11.328143] cloud-init[1054]: ci-info: |   2   |   10.0.2.2  | 0.0.0.0  | 255.255.255.255 |   enp0s3  |   UH  |
[   11.330026] cloud-init[1054]: ci-info: +-------+-------------+----------+-----------------+-----------+-------+
[   11.331661] cloud-init[1054]: ci-info: +++++++++++++++++++Route IPv6 info+++++++++++++++++++
[   11.333266] cloud-init[1054]: ci-info: +-------+-------------+---------+-----------+-------+
[   11.334875] cloud-init[1054]: ci-info: | Route | Destination | Gateway | Interface | Flags |
[   11.336235] cloud-init[1054]: ci-info: +-------+-------------+---------+-----------+-------+
[   11.337639] cloud-init[1054]: ci-info: |   1   |  fe80::/64  |    ::   |   enp0s3  |   U   |
[   11.339064] cloud-init[1054]: ci-info: |   3   |    local    |    ::   |   enp0s3  |   U   |
[   11.340526] cloud-init[1054]: ci-info: |   4   |   ff00::/8  |    ::   |   enp0s3  |   U   |
[   11.341483] cloud-init[1054]: ci-info: +-------+-------------+---------+-----------+-------+
[   12.750572] cloud-init[1054]: Generating public/private rsa key pair.
[   12.751639] cloud-init[1054]: Your identification has been saved in /etc/ssh/ssh_host_rsa_key.
[   12.752833] cloud-init[1054]: Your public key has been saved in /etc/ssh/ssh_host_rsa_key.pub.
[   12.753779] cloud-init[1054]: The key fingerprint is:
[   12.754472] cloud-init[1054]: SHA256:soRnmdEghXZesJmfcKcPH1YwzjWhMFnSuTBUFgv02OI root@ubuntu-bionic
[   12.755525] cloud-init[1054]: The key's randomart image is:
[   12.756341] cloud-init[1054]: +---[RSA 2048]----+
[   12.756962] cloud-init[1054]: |    .o++B=Bo+.   |
[   12.757562] cloud-init[1054]: |    o..*=%o* .   |
[   12.758283] cloud-init[1054]: |   . o*.=oO..    |
[   12.758614] cloud-init[1054]: |     ..O =..     |
[   12.759285] cloud-init[1054]: |    . B E o      |
[   12.759942] cloud-init[1054]: |     + o = .     |
[   12.760528] cloud-init[1054]: |      .   o      |
[   12.760854] cloud-init[1054]: |                 |
[   12.761413] cloud-init[1054]: |                 |
[   12.762030] cloud-init[1054]: +----[SHA256]-----+
[   12.762358] cloud-init[1054]: Generating public/private dsa key pair.
[   12.778868] cloud-init[1054]: Your identification has been saved in /etc/ssh/ssh_host_dsa_key.
[   12.780326] cloud-init[1054]: Your public key has been saved in /etc/ssh/ssh_host_dsa_key.pub.
[   12.781128] cloud-init[1054]: The key fingerprint is:
[   12.781929] cloud-init[1054]: SHA256:a06/EEXR44F+u015JQr41rJG+xJlqOYWoAFHDUdlPEo root@ubuntu-bionic
[   12.783087] cloud-init[1054]: The key's randomart image is:
[   12.783905] cloud-init[1054]: +---[DSA 1024]----+
[   12.784595] cloud-init[1054]: |   .o+ooo o+     |
[   12.785215] cloud-init[1054]: |  . ..E.o.. +    |
[   12.785545] cloud-init[1054]: |   o . . +.o o   |
[   12.786199] cloud-init[1054]: |    . o ..+ = . .|
[   12.786891] cloud-init[1054]: |     o .So * o o.|
[   12.787200] cloud-init[1054]: |    .   +o* + o .|
[   12.787842] cloud-init[1054]: |       o=+ = + . |
[   12.788444] cloud-init[1054]: |       +oo= . .  |
[   12.788746] cloud-init[1054]: |       ...o+.    |
[   12.789224] cloud-init[1054]: +----[SHA256]-----+
[[0;32m  OK  [0m[   12.789950] cloud-init[1054]: Generating public/private ecdsa key pair.
[   12.790088] cloud-init[1054]: Your identification has been saved in /etc/ssh/ssh_host_ecdsa_key.
] Started Initial cloud-init job (metadata service crawler).
[   12.790160] cloud-init[1054]: Your public key has been saved in /etc/ssh/ssh_host_ecdsa_key.pub.
[[   12.792970] cloud-init[1054]: The key fingerprint is:
[0;32m  OK  [0m[   12.793016] ] cloud-initReached target Cloud-config availability.[1054]: 
SHA256:yHPzmXZGmoxFDy0RKcSyJHw8m6F5rj5ehQhx4MZ1kJc root@ubuntu-bionic
[[   12.795180] cloud-init[1054]: The key's randomart image is:
[   12.795288] cloud-init[1054]: +---[ECDSA 256]---+
[0;32m  OK  [0m] Reached target Network is Online.
[   12.795365] cloud-init[1054]: |  oo++.+. oo     |
[   12.805020] cloud-init[1054]: | o ++.E o .o     |
[   12.805571] cloud-init[1054]: |  =  B B .+ .    |
[   12.806036] cloud-init[1054]: | . .oo=o . +     |
         Starting Availability of block devices...
[[   12.806740] cloud-init[1054]: |    .o= S . o    |
[   12.807339] cloud-init[1054]: |      .+ * *     |
[   12.807548] cloud-init[1054]: |     .. . O o    |
[0;32m  OK  [0m] Reached target Remote File Systems (Pre).
[[0;32m  OK  [0m] Reached target Remote File Systems.
[[0;32m  OK  [0m] Reached target System Initialization.
[   12.807581] cloud-init[1054]: |    o.   . o     |
[   12.828195] cloud-init[1054]: |   oo.           |[
[0;32m  OK  [0m] Started ACPI Events Check.
[[0;32m  OK  [0m] Started Message of the Day.
[   12.828430] cloud-init[1054]: +----[SHA256]-----+
[[0;32m  OK  [0m] Listening on cloud-init hotplug hook socket.
[   12.831282] cloud-init[1054]: Generating public/private ed25519 key pair.
[   12.833035] cloud-init[1054]: Your identification has been saved in /etc/ssh/ssh_host_ed25519_key.
[   12.834460] cloud-init[1054]: Your public key has been saved in /etc/ssh/ssh_host_ed25519_key.pub.
[   12.835950] [cloud-init[0;32m  OK  [0m[1054]: ] The key fingerprint is:Started Daily Cleanup of Temporary Directories.

[   12.836115] cloud-init[1054]: SHA256:O7sKyi0c7ijQOkX0GUfalmcl5vxaaSW54FWQNTQgcFM root@ubuntu-bionic
[[0;32m  OK  [0m] Started Discard unused blocks once a week.
[   12.852211] cloud-init[1054]: The key's randomart image is:
         Starting LXD - unix socket.
[   12.864201] cloud-init[1054]: +--[ED25519 256]--+
[   12.865751] [cloud-init[1054]: [0;32m  OK  [0m|     .o.*.E**    |] 
Reached target Paths.
[   12.865792] cloud-init[1054]: [|  . .o.* =.o o   |[0;32m  OK  [0m
] Started Ubuntu Advantage Timer for running repeated jobs.
[   12.866053] cloud-init[1054]: | . ..++ * + .    |
[[0;32m  OK  [0m] Listening on ACPID Listen Socket.
[   12.884325] cloud-init[1054]: |  . o. + + =     |
[[0;32m  OK  [0m] Listening on Open-iSCSI iscsid Socket.
[   12.886096] cloud-init[1054]: | o      S *      |
[[   12.897250] [0;32m  OK  [0mcloud-init] [1054]: Listening on UUID daemon activation socket.|. +      =       |

[   12.897456] cloud-init[1054]: |.= ..   +        |
[[0;32m  OK  [0m] Listening on D-Bus System Message Bus Socket.
[   12.902372] cloud-init[1054]: |+o+o .   o       |
[[0;32m  OK  [0m] Started Daily apt download activities.
[   12.916552] cloud-init[1054]: |oo+.. ..o.       |
[[0;32m  OK  [0m] Started Daily apt upgrade and clean activities.
[   12.928247] cloud-init[1054]: +----[SHA256]-----+
[[0;32m  OK  [0m] Reached target Timers.
         Starting Socket activation for snappy daemon.
[[0;32m  OK  [0m] Started Availability of block devices.
[[0;32m  OK  [0m] Listening on LXD - unix socket.
[[0;32m  OK  [0m] Listening on Socket activation for snappy daemon.
[[0;32m  OK  [0m] Reached target Sockets.
[[0;32m  OK  [0m] Reached target Basic System.
         Starting System Logging Service...
         Starting Login Service...
         Starting Pollinate to seed the pseudo random number generator...
[[0;32m  OK  [0m] Started Deferred execution scheduler.
         Starting Permit User Sessions...
[[0;32m  OK  [0m] Reached target Login Prompts (Pre).
[[0;32m  OK  [0m] Started irqbalance daemon.
         Starting Dispatcher daemon for systemd-networkd...
         Starting LXD - container startup/shutdown...
[[0;32m  OK  [0m] Started D-Bus System Message Bus.
[[0;32m  OK  [0m] Started Login Service.
[[0;32m  OK  [0m] Started Unattended Upgrades Shutdown.
         Starting Snap Daemon...
         Starting Virtualbox guest utils...
         Starting LSB: Record successful boot for GRUB...
[[0;32m  OK  [0m] Started FUSE filesystem for LXC.
         Starting LSB: automatic crash report generation...
         Starting Accounts Service...
[[0;32m  OK  [0m] Started Regular background program processing daemon.
[[0;32m  OK  [0m] Started System Logging Service.
[[0;32m  OK  [0m] Started Permit User Sessions.
[[0;32m  OK  [0m] Started LXD - container startup/shutdown.
         Starting Authorization Manager...
         Starting Hold until boot process finishes up...
         Starting Terminate Plymouth Boot Screen...
[[0;32m  OK  [0m] Started Hold until boot process finishes up.
         Starting Set console scheme...
[[0;32m  OK  [0m] Started Serial Getty on ttyS0.
[[0;32m  OK  [0m] Started LSB: automatic crash report generation.
[[0;32m  OK  [0m] Started Terminate Plymouth Boot Screen.
[[0;32m  OK  [0m] Started Authorization Manager.
[[0;32m  OK  [0m] Started Accounts Service.
[[0;32m  OK  [0m] Started Set console scheme.
[[0;32m  OK  [0m] Created slice system-getty.slice.
[[0;32m  OK  [0m] Started Getty on tty1.
[[0;32m  OK  [0m] Reached target Login Prompts.
[[0;32m  OK  [0m] Started LSB: Record successful boot for GRUB.
[[0;32m  OK  [0m] Started Virtualbox guest utils.
[[0;32m  OK  [0m] Started Pollinate to seed the pseudo random number generator.
         Starting OpenBSD Secure Shell server...
[[0;32m  OK  [0m] Started OpenBSD Secure Shell server.
[[0;32m  OK  [0m] Started Dispatcher daemon for systemd-networkd.
[[0;32m  OK  [0m] Started Snap Daemon.
         Starting Wait until snapd is fully seeded...
[[0;32m  OK  [0m] Created slice User Slice of vagrant.
         Starting User Manager for UID 1000...
[[0;32m  OK  [0m] Started Session 1 of user vagrant.
[[0;32m  OK  [0m] Started User Manager for UID 1000.
         Starting Time & Date Service...
[[0;32m  OK  [0m] Started Time & Date Service.
[[0;32m  OK  [0m] Started Wait until snapd is fully seeded.
         Starting Apply the settings specified in cloud-config...
[   15.593275] cloud-init[1729]: Cloud-init v. 23.1.2-0ubuntu0~18.04.1 running 'modules:config' at Mon, 13 Nov 2023 15:59:30 +0000. Up 14.92 seconds.
[[0;32m  OK  [0m] Started Apply the settings specified in cloud-config.
[[0;32m  OK  [0m] Reached target Multi-User System.
[[0;32m  OK  [0m] Reached target Graphical Interface.
         Starting Update UTMP about System Runlevel Changes...
         Starting Execute cloud user/final scripts...
[[0;32m  OK  [0m] Started Update UTMP about System Runlevel Changes.
ci-info: no authorized SSH keys fingerprints found for user ubuntu.
<14>Nov 13 15:59:31 cloud-init: #############################################################
<14>Nov 13 15:59:31 cloud-init: -----BEGIN SSH HOST KEY FINGERPRINTS-----
<14>Nov 13 15:59:31 cloud-init: 1024 SHA256:a06/EEXR44F+u015JQr41rJG+xJlqOYWoAFHDUdlPEo root@ubuntu-bionic (DSA)
<14>Nov 13 15:59:31 cloud-init: 256 SHA256:yHPzmXZGmoxFDy0RKcSyJHw8m6F5rj5ehQhx4MZ1kJc root@ubuntu-bionic (ECDSA)
<14>Nov 13 15:59:31 cloud-init: 256 SHA256:O7sKyi0c7ijQOkX0GUfalmcl5vxaaSW54FWQNTQgcFM root@ubuntu-bionic (ED25519)
<14>Nov 13 15:59:31 cloud-init: 2048 SHA256:soRnmdEghXZesJmfcKcPH1YwzjWhMFnSuTBUFgv02OI root@ubuntu-bionic (RSA)
<14>Nov 13 15:59:31 cloud-init: -----END SSH HOST KEY FINGERPRINTS-----
<14>Nov 13 15:59:31 cloud-init: #############################################################
-----BEGIN SSH HOST KEY KEYS-----
ecdsa-sha2-nistp256 AAAAE2VjZHNhLXNoYTItbmlzdHAyNTYAAAAIbmlzdHAyNTYAAABBBPl9s+LYrxxaIkCmirLgmdsStlH7421PYQJYXfwv3G45D3aPMEO+wwi+xBL9EsvWyn0P78hxK07spQ/PIpMNzhc= root@ubuntu-bionic
ssh-ed25519 AAAAC3NzaC1lZDI1NTE5AAAAIM7jdgXJ3TO/RekVFNrL9Agwa696rqH3alAOa76lZIpw root@ubuntu-bionic
ssh-rsa AAAAB3NzaC1yc2EAAAADAQABAAABAQDB4mZ/Ao+Pc1D1KFkSvCnrSHF+lrxOGs5uIDpG3+R9MIvhrDOPNsrBedqJKQu4nqloavUcrWme8VGUryv2WG2D4w9TLIr5vMuGZf7OEi1luNK8A+coFyNLD5VzERiiwrY94jFfvKz1Wq6rDu35HJbuSzUcR0QSolALuiRi6qBeVB50twvslOOtddfp+2f8yAl/lrqI9gUcjGov46L2ChYae3aNQS+E3tvk/cpFFGwia1kgusyd2oR0OWXXr4+5QB+qmKD9UQZBBdutPna1K+/N5jI+m1gb14TcGyTB7rw2kn29/935iE6dYzVeOKFgX0ALv8/vIWL3qRzV3hOaS6SR root@ubuntu-bionic
-----END SSH HOST KEY KEYS-----
[   15.972852] cloud-init[1836]: Cloud-init v. 23.1.2-0ubuntu0~18.04.1 running 'modules:final' at Mon, 13 Nov 2023 15:59:31 +0000. Up 15.84 seconds.
[   15.975785] cloud-init[1836]: Cloud-init v. 23.1.2-0ubuntu0~18.04.1 finished at Mon, 13 Nov 2023 15:59:31 +0000. Datasource DataSourceNoCloud [seed=/dev/sdb][dsmode=net].  Up 15.96 seconds
[[0;32m  OK  [0m] Started Execute cloud user/final scripts.
[[0;32m  OK  [0m] Reached target Cloud-init target.

Ubuntu 18.04.6 LTS ubuntu-bionic ttyS0

ubuntu-bionic login: 